
  if [ ! -e "${DEST_DIR}/full.7z" ]; then
    log '\e[32m▶\e[0m group2 => full'
    cd "/project path" && 7z a -t7z -bso0 -mx9 \
      "${DEST_DIR}/full.7z" \
      "file 1.txt" \
      file2.txt \
      -x!temp/ \
      -x!*.tmp \
      -xr!logs/** \
      -i!*.go \
      -ir!**/*.md
  else
    log '\e[32m↻\e[0m group2 => full'
    rm -f "${DEST_DIR}/full.up.7z.tmp"
    cd "/project path" && 7z u -t7z -bso0 -mx9 \
      "${DEST_DIR}/full.7z" -u- \
      -up0q3x2y2z0!"${DEST_DIR}/full.up.7z.tmp" \
      "file 1.txt" \
      file2.txt \
      -x!temp/ \
      -x!*.tmp \
      -xr!logs/** \
      -i!*.go \
      -ir!**/*.md
    if [ "$(stat -c%s "${DEST_DIR}/full.up.7z.tmp")" -ne 32 ]; then
      mv "${DEST_DIR}/full.up.7z.tmp" \
        "${DEST_DIR}/full.up.7z"
    else
      echo -n -e "\e[1A\e[K"
      log '\e[33m↷\e[0m group2 => full'
      rm "${DEST_DIR}/full.up.7z.tmp"
    fi
  fi
